// Jest Snapshot v1, https://goo.gl/fbAQLP

exports[`<MovieCardFull /> should movie full card page to match snapshot 1`] = `
<Context.Provider
  value={
    Object {
      "store": Object {
        "clearActions": [Function],
        "dispatch": [Function],
        "getActions": [Function],
        "getState": [Function],
        "replaceReducer": [Function],
        "subscribe": [Function],
      },
      "subscription": Subscription {
        "handleChangeWrapper": [Function],
        "listeners": Object {
          "notify": [Function],
        },
        "onStateChange": [Function],
        "parentSub": undefined,
        "store": Object {
          "clearActions": [Function],
          "dispatch": [Function],
          "getActions": [Function],
          "getState": [Function],
          "replaceReducer": [Function],
          "subscribe": [Function],
        },
        "unsubscribe": null,
      },
    }
  }
>
  <BrowserRouter>
    <Memo(Connect(WithActiveItemHoc))
      activeItem="TAB1"
      history={Object {}}
      isAuthorized={true}
      movie={
        Object {
          "backgroundColor": "#000000",
          "id": 4,
          "image": "img/we-need-to-talk-about-kevin.jpg",
          "isFavorite": false,
          "movieBackground": "img/bg-the-grand-budapest-hotel.jpg",
          "movieDate": "2000",
          "movieDescription": "In the 1930s, the Grand Budapest Hotel is a popula…y boy, becomes Gustave&apos;s friend and protege.",
          "movieDirector": "Wes Anderson",
          "movieGenre": "Thriller",
          "movieImage": "img/the-grand-budapest-hotel-poster.jpg",
          "moviePreview": "https://upload.wikimedia.org/wikipedia/commons/transcoded/b/b3/Big_Buck_Bunny_Trailer_400p.ogv/Big_Buck_Bunny_Trailer_400p.ogv.360p.webm",
          "movieRatingCount": "349 ratings",
          "movieRatingLevel": "Bad",
          "movieRatingScore": "3",
          "movieRunTime": 9900,
          "movieStarring": Array [
            "Jude Law",
            "Willem Dafoe",
          ],
          "movieVideo": "https://upload.wikimedia.org/wikipedia/commons/transcoded/b/b3/Big_Buck_Bunny_Trailer_400p.ogv/Big_Buck_Bunny_Trailer_400p.ogv.360p.webm",
          "title": "Dardjeeling Limited",
        }
      }
      onMovieTitleClick={[MockFunction]}
      similarMovies={
        Array [
          Object {
            "backgroundColor": "#000000",
            "id": 5,
            "image": "img/we-need-to-talk-about-kevin.jpg",
            "isFavorite": false,
            "movieBackground": "img/bg-the-grand-budapest-hotel.jpg",
            "movieDate": "2300",
            "movieDescription": "In the 1930s, the Grand Budapest Hotel is a popula…y boy, becomes Gustave&apos;s friend and protege.",
            "movieDirector": "Wes Anderson",
            "movieGenre": "Thriller",
            "movieImage": "img/the-grand-budapest-hotel-poster.jpg",
            "moviePreview": "https://upload.wikimedia.org/wikipedia/commons/transcoded/b/b3/Big_Buck_Bunny_Trailer_400p.ogv/Big_Buck_Bunny_Trailer_400p.ogv.360p.webm",
            "movieRatingCount": "349 ratings",
            "movieRatingLevel": "Bad",
            "movieRatingScore": "3",
            "movieRunTime": 9900,
            "movieStarring": Array [
              "Jude Law",
              "Willem Dafoe",
            ],
            "movieVideo": "https://upload.wikimedia.org/wikipedia/commons/transcoded/b/b3/Big_Buck_Bunny_Trailer_400p.ogv/Big_Buck_Bunny_Trailer_400p.ogv.360p.webm",
            "title": "Dardjeeling Limited",
          },
          Object {
            "backgroundColor": "#000000",
            "id": 6,
            "image": "img/we-need-to-talk-about-kevin.jpg",
            "isFavorite": false,
            "movieBackground": "img/bg-the-grand-budapest-hotel.jpg",
            "movieDate": "2200",
            "movieDescription": "In the 1930s, the Grand Budapest Hotel is a popula…y boy, becomes Gustave&apos;s friend and protege.",
            "movieDirector": "Wes Anderson",
            "movieGenre": "Thriller",
            "movieImage": "img/the-grand-budapest-hotel-poster.jpg",
            "moviePreview": "https://upload.wikimedia.org/wikipedia/commons/transcoded/b/b3/Big_Buck_Bunny_Trailer_400p.ogv/Big_Buck_Bunny_Trailer_400p.ogv.360p.webm",
            "movieRatingCount": "349 ratings",
            "movieRatingLevel": "Bad",
            "movieRatingScore": "3",
            "movieRunTime": 9900,
            "movieStarring": Array [
              "Jude Law",
              "Willem Dafoe",
            ],
            "movieVideo": "https://upload.wikimedia.org/wikipedia/commons/transcoded/b/b3/Big_Buck_Bunny_Trailer_400p.ogv/Big_Buck_Bunny_Trailer_400p.ogv.360p.webm",
            "title": "Dardjeeling Limited",
          },
          Object {
            "backgroundColor": "#000000",
            "id": 7,
            "image": "img/we-need-to-talk-about-kevin.jpg",
            "isFavorite": false,
            "movieBackground": "img/bg-the-grand-budapest-hotel.jpg",
            "movieDate": "2100",
            "movieDescription": "In the 1930s, the Grand Budapest Hotel is a popula…y boy, becomes Gustave&apos;s friend and protege.",
            "movieDirector": "Wes Anderson",
            "movieGenre": "Thriller",
            "movieImage": "img/the-grand-budapest-hotel-poster.jpg",
            "moviePreview": "https://upload.wikimedia.org/wikipedia/commons/transcoded/b/b3/Big_Buck_Bunny_Trailer_400p.ogv/Big_Buck_Bunny_Trailer_400p.ogv.360p.webm",
            "movieRatingCount": "349 ratings",
            "movieRatingLevel": "Bad",
            "movieRatingScore": "3",
            "movieRunTime": 9900,
            "movieStarring": Array [
              "Jude Law",
              "Willem Dafoe",
            ],
            "movieVideo": "https://upload.wikimedia.org/wikipedia/commons/transcoded/b/b3/Big_Buck_Bunny_Trailer_400p.ogv/Big_Buck_Bunny_Trailer_400p.ogv.360p.webm",
            "title": "Dardjeeling Limited",
          },
        ]
      }
      tabs={
        Array [
          Object {
            "id": "TAB1",
            "isActive": true,
            "name": "Tab1",
          },
          Object {
            "id": "TAB2",
            "isActive": false,
            "name": "Tab2",
          },
          Object {
            "id": "TAB3",
            "isActive": false,
            "name": "Tab3",
          },
        ]
      }
    />
  </BrowserRouter>
</Context.Provider>
`;
