// Jest Snapshot v1, https://goo.gl/fbAQLP

exports[`<UserFavoriteList /> should match snapshot without error 1`] = `
<div
  className="user-page"
>
  <Header
    headerClassName="user-page__head"
  >
    <h1
      className="page-title user-page__title"
    >
      My list
    </h1>
    <Memo(Connect(UserProfile)) />
  </Header>
  <section
    className="catalog"
  >
    <h2
      className="catalog__title visually-hidden"
    >
      Catalog
    </h2>
    <div
      className="catalog__movies-list"
    >
      <Memo(MoviesList)
        moviesList={
          Array [
            Object {
              "backgroundColor": "#000000",
              "id": 4,
              "image": "img/we-need-to-talk-about-kevin.jpg",
              "isFavorite": false,
              "movieBackground": "img/bg-the-grand-budapest-hotel.jpg",
              "movieDate": "2000",
              "movieDescription": "In the 1930s, the Grand Budapest Hotel is a popula…y boy, becomes Gustave&apos;s friend and protege.",
              "movieDirector": "Wes Anderson",
              "movieGenre": "Thriller",
              "movieImage": "img/the-grand-budapest-hotel-poster.jpg",
              "moviePreview": "https://upload.wikimedia.org/wikipedia/commons/transcoded/b/b3/Big_Buck_Bunny_Trailer_400p.ogv/Big_Buck_Bunny_Trailer_400p.ogv.360p.webm",
              "movieRatingCount": "349 ratings",
              "movieRatingLevel": "Bad",
              "movieRatingScore": "3",
              "movieStarring": Array [
                "Jude Law",
                "Willem Dafoe",
              ],
              "movieVideo": "https://upload.wikimedia.org/wikipedia/commons/transcoded/b/b3/Big_Buck_Bunny_Trailer_400p.ogv/Big_Buck_Bunny_Trailer_400p.ogv.360p.webm",
              "title": "Dardjeeling Limited",
            },
            Object {
              "backgroundColor": "#000000",
              "id": 3,
              "image": "img/aviator.jpg",
              "isFavorite": false,
              "movieBackground": "img/bg-the-grand-budapest-hotel.jpg",
              "movieDate": "2008",
              "movieDescription": "In the 1930s, the Grand Budapest Hotel is a popula…y boy, becomes Gustave&apos;s friend and protege.",
              "movieDirector": "Christopher Nolan",
              "movieGenre": "Kids & Family",
              "movieImage": "img/the-grand-budapest-hotel-poster.jpg",
              "moviePreview": "https://upload.wikimedia.org/wikipedia/commons/transcoded/b/b3/Big_Buck_Bunny_Trailer_400p.ogv/Big_Buck_Bunny_Trailer_400p.ogv.360p.webm",
              "movieRatingCount": "272 ratings",
              "movieRatingLevel": "Normal",
              "movieRatingScore": "2",
              "movieStarring": Array [
                "Jude Law",
                "Willem Dafoe",
              ],
              "movieVideo": "https://upload.wikimedia.org/wikipedia/commons/transcoded/b/b3/Big_Buck_Bunny_Trailer_400p.ogv/Big_Buck_Bunny_Trailer_400p.ogv.360p.webm",
              "title": "Johnny English",
            },
          ]
        }
      />
    </div>
  </section>
  <Footer />
</div>
`;
