// Jest Snapshot v1, https://goo.gl/fbAQLP

exports[`<MovieCardTitle /> should match snapshot 1`] = `
Array [
  <h2
    className="movie-card__title"
  >
    Movie title
  </h2>,
  <p
    className="movie-card__meta"
  >
    <span
      className="movie-card__genre"
    >
      Comedy
    </span>
    <span
      className="movie-card__year"
    >
      2020
    </span>
  </p>,
]
`;
