// Jest Snapshot v1, https://goo.gl/fbAQLP

exports[`<Loader /> should match snapshot 1`] = `
<div
  style={
    Object {
      "alignItems": "center",
      "display": "flex",
      "height": "calc(100vh - 94px - 138px)",
      "justifyContent": "center",
      "width": "100vw",
    }
  }
>
  <svg
    display="block"
    height="200"
    preserveAspectRatio="xMidYMid"
    style={
      Object {
        "margin": "auto",
      }
    }
    viewBox="0 0 100 100"
    width="200"
    xmlns="http://www.w3.org/2000/svg"
  >
    <path
      d="M85.141 70.133a40 40 0 00-71.194-36.487A42 40-62.865 0185.14 70.133"
      fill="#e15b64"
    >
      <animateTransform
        attributeName="transform"
        dur="1s"
        keyTimes="0;1"
        repeatCount="indefinite"
        type="rotate"
        values="0 50 51;360 50 51"
      />
    </path>
  </svg>
</div>
`;
