// Jest Snapshot v1, https://goo.gl/fbAQLP

exports[`<MovieCardFullReview /> should match snapshot 1`] = `
<div
  className="review"
>
  <blockquote
    className="review__quote"
  >
    <p
      className="review__text"
    >
      Those an equal point no years do. Depend warmth fat but her but played. Shy and subjects wondered trifling pleasant. Prudent cordial comfort do no on colonel as assured chicken. Smart mrs day which begin. Snug do sold mr it if such. Terminated uncommonly at at estimating. Man behaviour met moonlight extremity acuteness direction.
    </p>
    <footer
      className="review__details"
    >
      <cite
        className="review__author"
      >
        John Doe
      </cite>
      <time
        className="review__date"
        dateTime="01.01.2000"
      >
        01.01.2000
      </time>
    </footer>
  </blockquote>
  <div
    className="review__rating"
  >
    3
  </div>
</div>
`;
